E/AndroidRuntime(  538): 	at dalvik.system.NativeStart.main(Native Method)
I/Process (  538): Sending signal. PID: 538 SIG: 9
I/ActivityManager(   94): Process edu.washington.gnn2.activityspy (pid 538) has died.
I/WindowManager(   94): WIN DEATH: Window{41779140 edu.washington.gnn2.activityspy/edu.washington.gnn2.activityspy.MainActivity paused=false}
W/InputManagerService(   94): Window already focused, ignoring focus gain of: com.android.internal.view.IInputMethodClient$Stub$Proxy@417b80f8
W/ActivityManager(   94): Activity destroy timeout for ActivityRecord{417a1b50 edu.washington.gnn2.activityspy/.MainActivity}
D/dalvikvm(  192): GC_FOR_ALLOC freed 654K, 6% free 16381K/17287K, paused 39ms
I/dalvikvm-heap(  192): Grow heap (frag case) to 18.013MB for 2048016-byte allocation
D/dalvikvm(  192): GC_CONCURRENT freed 6K, 5% free 18374K/19335K, paused 6ms+6ms
D/dalvikvm(  192): GC_FOR_ALLOC freed 0K, 5% free 18376K/19335K, paused 38ms
I/dalvikvm-heap(  192): Grow heap (frag case) to 20.691MB for 2814480-byte allocation
D/dalvikvm(  192): GC_CONCURRENT freed 0K, 5% free 21124K/22087K, paused 6ms+8ms
D/dalvikvm(  192): GC_FOR_ALLOC freed 4K, 5% free 21122K/22087K, paused 40ms
I/dalvikvm-heap(  192): Grow heap (frag case) to 22.642MB for 2048016-byte allocation
D/dalvikvm(  192): GC_CONCURRENT freed 0K, 5% free 23122K/24135K, paused 5ms+7ms
D/dalvikvm(  192): GC_FOR_ALLOC freed 0K, 5% free 23122K/24135K, paused 43ms
I/dalvikvm-heap(  192): Grow heap (frag case) to 24.595MB for 2048016-byte allocation
D/dalvikvm(  192): GC_FOR_ALLOC freed 0K, 5% free 25122K/26183K, paused 45ms
D/android.widget.GridLayout(  192): horizontal constraints: x1 - x0 > 350, x2 - x1 > 390, x2 - x0 < 736 are inconsistent; permanently removing: x2 - x0 < 736. 
D/android.widget.GridLayout(  192): horizontal constraints: x1 - x0 > 350, x2 - x1 > 390, x2 - x0 < 736 are inconsistent; permanently removing: x2 - x0 < 736. 
D/android.widget.GridLayout(  192): horizontal constraints: x1 - x0 > 350, x2 - x1 > 390, x2 - x0 < 736 are inconsistent; permanently removing: x2 - x0 < 736. 
D/dalvikvm(  192): GC_FOR_ALLOC freed 458K, 3% free 25592K/26375K, paused 51ms
I/dalvikvm-heap(  192): Grow heap (frag case) to 26.623MB for 1644560-byte allocation
D/dalvikvm(  192): GC_FOR_ALLOC freed 5K, 4% free 27193K/28039K, paused 51ms
D/dalvikvm(  192): GC_FOR_ALLOC freed 863K, 4% free 28197K/29319K, paused 87ms
I/dalvikvm-heap(  192): Grow heap (frag case) to 28.826MB for 1286224-byte allocation
D/dalvikvm(  192): GC_FOR_ALLOC freed 3K, 4% free 29450K/30599K, paused 54ms
D/dalvikvm(  192): GC_FOR_ALLOC freed 4023K, 14% free 27276K/31623K, paused 79ms
D/dalvikvm(  192): GC_CONCURRENT freed 2320K, 15% free 27011K/31623K, paused 4ms+9ms
I/ActivityManager(   94): START {act=android.intent.action.MAIN cat=[android.intent.category.LAUNCHER] flg=0x10200000 cmp=edu.washington.gnn2.activityspy/.MainActivity} from pid 192
W/WindowManager(   94): Failure taking screenshot for (240x370) to layer 21005
I/ActivityManager(   94): START {act=android.intent.action.MAIN cat=[android.intent.category.LAUNCHER] flg=0x10200000 cmp=edu.washington.gnn2.activityspy/.MainActivity} from pid 192
D/dalvikvm(  565): Not late-enabling CheckJNI (already on)
I/ActivityManager(   94): Start proc edu.washington.gnn2.activityspy for activity edu.washington.gnn2.activityspy/.MainActivity: pid=565 uid=10040 gids={}
D/dalvikvm(   37): GC_EXPLICIT freed 37K, 3% free 12563K/12867K, paused 3ms+44ms
W/NetworkManagementSocketTagger(   94): setKernelCountSet(10040, 1) failed with errno -2
D/dalvikvm(   37): GC_EXPLICIT freed <1K, 3% free 12563K/12867K, paused 2ms+3ms
I/Process (   94): Sending signal. PID: 565 SIG: 3
I/dalvikvm(  565): threadid=3: reacting to signal 3
I/dalvikvm(  565): Wrote stack traces to '/data/anr/traces.txt'
D/dalvikvm(   37): GC_EXPLICIT freed <1K, 3% free 12563K/12867K, paused 3ms+4ms
I/dalvikvm(  565): Could not find method android.view.ViewGroup.onNestedScrollAccepted, referenced from method android.support.v7.internal.widget.ActionBarOverlayLayout.onNestedScrollAccepted
W/dalvikvm(  565): VFY: unable to resolve virtual method 11346: Landroid/view/ViewGroup;.onNestedScrollAccepted (Landroid/view/View;Landroid/view/View;I)V
D/dalvikvm(  565): VFY: replacing opcode 0x6f at 0x0000
I/dalvikvm(  565): Could not find method android.view.ViewGroup.onStopNestedScroll, referenced from method android.support.v7.internal.widget.ActionBarOverlayLayout.onStopNestedScroll
W/dalvikvm(  565): VFY: unable to resolve virtual method 11352: Landroid/view/ViewGroup;.onStopNestedScroll (Landroid/view/View;)V
D/dalvikvm(  565): VFY: replacing opcode 0x6f at 0x0000
I/dalvikvm(  565): Could not find method android.view.ViewGroup.onWindowSystemUiVisibilityChanged, referenced from method android.support.v7.internal.widget.ActionBarOverlayLayout.onWindowSystemUiVisibilityChanged
W/dalvikvm(  565): VFY: unable to resolve virtual method 11354: Landroid/view/ViewGroup;.onWindowSystemUiVisibilityChanged (I)V
D/dalvikvm(  565): VFY: replacing opcode 0x6f at 0x0008
I/dalvikvm(  565): Could not find method android.support.v7.internal.widget.ActionBarOverlayLayout.stopNestedScroll, referenced from method android.support.v7.internal.widget.ActionBarOverlayLayout.setHideOnContentScrollEnabled
W/dalvikvm(  565): VFY: unable to resolve virtual method 9040: Landroid/support/v7/internal/widget/ActionBarOverlayLayout;.stopNestedScroll ()V
D/dalvikvm(  565): VFY: replacing opcode 0x6e at 0x000e
I/Process (   94): Sending signal. PID: 565 SIG: 3
I/dalvikvm(  565): threadid=3: reacting to signal 3
I/dalvikvm(  565): Wrote stack traces to '/data/anr/traces.txt'
I/dalvikvm(  565): Could not find method android.view.ViewGroup.onRtlPropertiesChanged, referenced from method android.support.v7.widget.Toolbar.onRtlPropertiesChanged
W/dalvikvm(  565): VFY: unable to resolve virtual method 11349: Landroid/view/ViewGroup;.onRtlPropertiesChanged (I)V
D/dalvikvm(  565): VFY: replacing opcode 0x6f at 0x0007
I/dalvikvm(  565): Could not find method android.content.res.TypedArray.getChangingConfigurations, referenced from method android.support.v7.internal.widget.TintTypedArray.getChangingConfigurations
W/dalvikvm(  565): VFY: unable to resolve virtual method 364: Landroid/content/res/TypedArray;.getChangingConfigurations ()I
D/dalvikvm(  565): VFY: replacing opcode 0x6e at 0x0002
I/dalvikvm(  565): Could not find method android.content.res.TypedArray.getType, referenced from method android.support.v7.internal.widget.TintTypedArray.getType
W/dalvikvm(  565): VFY: unable to resolve virtual method 386: Landroid/content/res/TypedArray;.getType (I)I
D/dalvikvm(  565): VFY: replacing opcode 0x6e at 0x0002
I/MainActivity(  565): OnCreate event fired! SavedInstanceState = null
D/gralloc_goldfish(  565): Emulator without GPU emulation detected.
D/dalvikvm(  565): GC_CONCURRENT freed 224K, 3% free 12800K/13127K, paused 5ms+4ms
I/ActivityManager(   94): Displayed edu.washington.gnn2.activityspy/.MainActivity: +1s774ms
W/InputManagerService(   94): Starting input on non-focused client com.android.internal.view.IInputMethodClient$Stub$Proxy@41972208 (uid=10013 pid=192)
W/NetworkManagementSocketTagger(   94): setKernelCountSet(10013, 0) failed with errno -2
D/dalvikvm(  192): GC_CONCURRENT freed 3764K, 21% free 25167K/31623K, paused 5ms+7ms
W/WindowManager(   94): Failure taking screenshot for (240x370) to layer 21010
W/NetworkManagementSocketTagger(   94): setKernelCountSet(10013, 1) failed with errno -2
I/Process (   94): Sending signal. PID: 192 SIG: 3
I/dalvikvm(  192): threadid=3: reacting to signal 3
I/dalvikvm(  192): Wrote stack traces to '/data/anr/traces.txt'
D/android.widget.GridLayout(  192): horizontal constraints: x1 - x0 > 350, x2 - x1 > 390, x2 - x0 < 736 are inconsistent; permanently removing: x2 - x0 < 736. 
D/android.widget.GridLayout(  192): horizontal constraints: x1 - x0 > 350, x2 - x1 > 390, x2 - x0 < 736 are inconsistent; permanently removing: x2 - x0 < 736. 
D/android.widget.GridLayout(  192): horizontal constraints: x1 - x0 > 350, x2 - x1 > 390, x2 - x0 < 736 are inconsistent; permanently removing: x2 - x0 < 736. 
I/Process (   94): Sending signal. PID: 192 SIG: 3
I/dalvikvm(  192): threadid=3: reacting to signal 3
I/dalvikvm(  192): Wrote stack traces to '/data/anr/traces.txt'
D/dalvikvm(  192): GC_FOR_ALLOC freed 481K, 20% free 25598K/31623K, paused 51ms
D/dalvikvm(  192): GC_CONCURRENT freed 9K, 13% free 27611K/31623K, paused 5ms+31ms
I/Process (   94): Sending signal. PID: 192 SIG: 3
I/dalvikvm(  192): threadid=3: reacting to signal 3
E/dalvikvm(  192): Unable to open stack trace file '/data/anr/traces.txt': Is a directory
W/NetworkManagementSocketTagger(   94): setKernelCountSet(10040, 0) failed with errno -2
I/MainActivity(  565): You or someone else requested finish() on this activity
D/dalvikvm(  192): GC_CONCURRENT freed 2554K, 15% free 27091K/31623K, paused 5ms+95ms
E/MainActivity(  565): We're going down captain!
D/AndroidRuntime(  565): Shutting down VM
I/ActivityManager(   94): START {act=android.intent.action.MAIN cat=[android.intent.category.HOME] flg=0x10200000 cmp=com.android.launcher/com.android.launcher2.Launcher} from pid 94
W/dalvikvm(  565): threadid=1: thread exiting with uncaught exception (group=0x409c01f8)
D/dalvikvm(  192): GC_FOR_ALLOC freed 985K, 12% free 28015K/31623K, paused 282ms
E/AndroidRuntime(  565): FATAL EXCEPTION: main
E/AndroidRuntime(  565): android.app.SuperNotCalledException: Activity {edu.washington.gnn2.activityspy/edu.washington.gnn2.activityspy.MainActivity} did not call through to super.onDestroy()
E/AndroidRuntime(  565): 	at android.app.ActivityThread.performDestroyActivity(ActivityThread.java:3101)
E/AndroidRuntime(  565): 	at android.app.ActivityThread.handleDestroyActivity(ActivityThread.java:3130)
E/AndroidRuntime(  565): 	at android.app.ActivityThread.access$1200(ActivityThread.java:123)
E/AndroidRuntime(  565): 	at android.app.ActivityThread$H.handleMessage(ActivityThread.java:1180)
E/AndroidRuntime(  565): 	at android.os.Handler.dispatchMessage(Handler.java:99)
E/AndroidRuntime(  565): 	at android.os.Looper.loop(Looper.java:137)
E/AndroidRuntime(  565): 	at android.app.ActivityThread.main(ActivityThread.java:4424)
E/AndroidRuntime(  565): 	at java.lang.reflect.Method.invokeNative(Native Method)
E/AndroidRuntime(  565): 	at java.lang.reflect.Method.invoke(Method.java:511)
E/AndroidRuntime(  565): 	at com.android.internal.os.ZygoteInit$MethodAndArgsCaller.run(ZygoteInit.java:784)
E/AndroidRuntime(  565): 	at com.android.internal.os.ZygoteInit.main(ZygoteInit.java:551)
E/AndroidRuntime(  565): 	at dalvik.system.NativeStart.main(Native Method)
D/dalvikvm(  192): GC_CONCURRENT freed 2392K, 13% free 27585K/31623K, paused 5ms+26ms
I/Process (  565): Sending signal. PID: 565 SIG: 9
I/ActivityManager(   94): Process edu.washington.gnn2.activityspy (pid 565) has died.
I/WindowManager(   94): WIN DEATH: Window{419abaa8 edu.washington.gnn2.activityspy/edu.washington.gnn2.activityspy.MainActivity paused=false}
W/InputManagerService(   94): Window already focused, ignoring focus gain of: com.android.internal.view.IInputMethodClient$Stub$Proxy@41a05c78
