E/EventHub(   94): could not get driver version for /dev/input/mouse0, Not a typewriter
E/EventHub(   94): could not get driver version for /dev/input/mice, Not a typewriter
I/InputReader(   94):   Touch device 'qwerty2' could not query the properties of its associated display 0.  The device will be inoperable until the display size becomes available.
I/InputReader(   94): Device added: id=0, name='qwerty2', sources=0x00001103
I/SystemServer(   94): Accessibility Manager
I/InputReader(   94): Reconfiguring input devices.  changes=0x00000004
I/InputReader(   94): Device reconfigured: id=0, name='qwerty2', surface size is now 768x1280, mode is 1
I/ActivityManager(   94): Config changed: {1.0 0mcc0mnc en_US layoutdir=0 sw384dp w384dp h567dp nrml port ?uimode ?night finger qwerty/v/v -nav/h s.2}
D/PermissionCache(   36): checking android.permission.ACCESS_SURFACE_FLINGER for uid=1000 => granted (3561 us)
I/SystemServer(   94): Device Policy
I/SystemServer(   94): Status Bar
I/SystemServer(   94): Clipboard Service
I/SystemServer(   94): NetworkManagement Service
I/SystemServer(   94): Text Service Manager Service
I/SystemServer(   94): NetworkStats Service
I/SystemServer(   94): NetworkPolicy Service
I/SystemServer(   94): Wi-Fi P2pService
I/SystemServer(   94): Wi-Fi Service
E/CommandListener(   33): Failed to open /proc/sys/net/ipv6/conf/wlan0/disable_ipv6: No such file or directory
E/WifiStateMachine(   94): Failed to disable IPv6: java.lang.IllegalStateException: Unable to communicate to native daemon for disabling ipv6
I/SystemServer(   94): Connectivity Service
D/ConnectivityService(   94): ConnectivityService starting up
E/MobileDataStateTracker(   94): default: Ignoring feature request because could not acquire PhoneService
E/MobileDataStateTracker(   94): default: Could not enable APN type "default"
D/NetworkManagementService(   94): Registering observer
D/NetworkManagementService(   94): Registering observer
I/WifiService(   94): WifiService starting up with Wi-Fi disabled
I/SystemServer(   94): Throttle Service
I/SystemServer(   94): Mount Service
D/MountService(   94): got storage path: /mnt/sdcard description: USB storage primary: true removable: false emulated: false mtpReserve: 0 allowMassStorage: false maxFileSize: 0
I/SystemServer(   94): Notification Manager
I/SystemServer(   94): Device Storage Monitor
I/SystemServer(   94): Location Manager
I/SystemServer(   94): Country Detector
I/SystemServer(   94): Search Service
I/SystemServer(   94): DropBox Service
D/VoldCmdListener(   31): volume list
D/MountService(   94): volume state changed for /mnt/sdcard (null -> unmounted)
I/PackageManager(   94): Updating external media status from unmounted to unmounted
I/SystemServer(   94): Wallpaper Service
I/SystemServer(   94): Audio Service
D/dalvikvm(   94): GC_CONCURRENT freed 186K, 2% free 14186K/14471K, paused 6ms+6ms
I/SystemServer(   94): Dock Observer
W/DockObserver(   94): This kernel does not have dock station support
I/SystemServer(   94): Wired Accessory Observer
I/SystemServer(   94): USB Service
I/SystemServer(   94): UI Mode Manager Service
I/SystemServer(   94): Backup Service
V/BackupManagerService(   94): Initializing package tracking
V/BackupManagerService(   94): No ancestral data
V/BackupManagerService(   94): addPackageParticipantsLocked: all
I/BackupManagerService(   94): New app android never backed up; scheduling
I/BackupManagerService(   94): New app com.android.browser never backed up; scheduling
I/BackupManagerService(   94): New app com.android.calendar never backed up; scheduling
I/BackupManagerService(   94): New app com.android.inputmethod.latin never backed up; scheduling
I/BackupManagerService(   94): New app com.android.providers.settings never backed up; scheduling
I/BackupManagerService(   94): New app com.android.providers.userdictionary never backed up; scheduling
I/BackupManagerService(   94): New app com.android.sharedstoragebackup never backed up; scheduling
V/BackupManagerService(   94): Registering transport android/com.android.internal.backup.LocalTransport = com.android.internal.backup.LocalTransport@417dec98
V/BackupManagerService(   94): Starting with transport android/com.android.internal.backup.LocalTransport
V/BackupManagerService(   94): Google transport not present
I/BackupManagerService(   94): Found stale backup journal, scheduling
I/BackupManagerService(   94):   android
I/BackupManagerService(   94):   com.android.browser
I/BackupManagerService(   94):   com.android.calendar
I/BackupManagerService(   94):   com.android.inputmethod.latin
I/BackupManagerService(   94):   com.android.providers.settings
I/BackupManagerService(   94):   com.android.providers.userdictionary
I/BackupManagerService(   94):   com.android.sharedstoragebackup
I/BackupManagerService(   94): Backup enabled => true
I/SystemServer(   94): AppWidget Service
I/SystemServer(   94): Recognition Service
I/SystemServer(   94): DiskStats Service
I/SystemServer(   94): SamplingProfiler Service
I/SystemServer(   94): NetworkTimeUpdateService
I/WindowManager(   94): SAFE MODE not enabled
D/dalvikvm(   94): JIT started for system_server
D/PowerManagerService(   94): system ready!
I/ActivityManager(   94): System now ready
I/SystemServer(   94): Making services ready
D/SystemServer(   94): Starting service: Intent { cmp=com.android.systemui/.SystemUIService }
I/Zygote  (   94): Process: zygote socket opened
I/ActivityManager(   94): Start proc com.android.systemui for service com.android.systemui/.SystemUIService: pid=147 uid=1000 gids={1015, 3002, 3001, 3003}
D/NetworkManagementService(   94): not enabling bandwidth control
W/NetworkStats(   94): problem reading network stats: java.lang.IllegalStateException: problem parsing idx 1
D/NetworkManagementService(   94): Registering observer
D/NetworkManagementService(   94): Registering observer
I/ActivityManager(   94): Config changed: {1.0 0mcc0mnc en_US layoutdir=0 sw384dp w384dp h567dp nrml port finger qwerty/v/v -nav/h s.3}
W/RecognitionManagerService(   94): no available voice recognition services found
D/dalvikvm(   94): GC_CONCURRENT freed 338K, 3% free 14359K/14791K, paused 5ms+7ms
D/dalvikvm(   94): GC_FOR_ALLOC freed 12K, 3% free 14535K/14983K, paused 225ms
I/dalvikvm-heap(   94): Grow heap (frag case) to 14.434MB for 186640-byte allocation
D/dalvikvm(   94): GC_FOR_ALLOC freed 1K, 4% free 14716K/15175K, paused 139ms
D/dalvikvm(   94): GC_FOR_ALLOC freed 3K, 4% free 14905K/15367K, paused 108ms
D/SystemUIService(  147): loading: class com.android.systemui.statusbar.phone.PhoneStatusBar
D/SystemUIService(  147): running: com.android.systemui.statusbar.phone.PhoneStatusBar@41654bc0
D/dalvikvm(   94): GC_FOR_ALLOC freed 10K, 3% free 15093K/15559K, paused 198ms
D/dalvikvm(  147): GC_CONCURRENT freed 128K, 2% free 12875K/13063K, paused 5ms+3ms
D/dalvikvm(   94): GC_FOR_ALLOC freed 9K, 3% free 15301K/15751K, paused 183ms
W/InputManagerService(   94): Ignoring setImeWindowStatus of uid 1000 token: null
I/ActivityManager(   94): Start proc com.android.inputmethod.latin for service com.android.inputmethod.latin/.LatinIME: pid=161 uid=10006 gids={}
W/GpsLocationProvider(   94): Could not open GPS configuration file /etc/gps.conf
D/NetworkManagementService(   94): Registering observer
V/TransportControlView(   94): Create TCV com.android.internal.widget.TransportControlView@41804f30
I/ActivityManager(   94): Start proc com.android.phone for added application com.android.phone: pid=176 uid=1001 gids={3002, 3001, 3003, 1015}
I/ActivityManager(   94): START {act=android.intent.action.MAIN cat=[android.intent.category.HOME] flg=0x10000000 cmp=com.android.launcher/com.android.launcher2.Launcher} from pid 0
W/ThrottleService(   94): unable to find stats for iface rmnet0
I/ActivityManager(   94): Start proc com.android.launcher for activity com.android.launcher/com.android.launcher2.Launcher: pid=192 uid=10013 gids={}
I/SystemServer(   94): Enabled StrictMode for system server main thread.
D/gralloc_goldfish(   94): Emulator without GPU emulation detected.
D/dalvikvm(  147): GC_CONCURRENT freed 26K, 1% free 13324K/13447K, paused 4ms+74ms
I/ActivityManager(   94): Start proc com.android.settings for broadcast com.android.settings/.widget.SettingsAppWidgetProvider: pid=211 uid=1000 gids={1015, 3002, 3001, 3003}
W/NetworkManagementSocketTagger(   94): setKernelCountSet(10013, 1) failed with errno -2
D/dalvikvm(   94): GREF has increased to 201
I/Process (   94): Sending signal. PID: 192 SIG: 3
I/dalvikvm(  192): threadid=3: reacting to signal 3
I/ActivityThread(  176): Pub mms: com.android.providers.telephony.MmsProvider
D/dalvikvm(  147): GC_CONCURRENT freed 11K, 1% free 13779K/13895K, paused 5ms+3ms
E/dalvikvm(  192): Unable to open stack trace file '/data/anr/traces.txt': Is a directory
I/ActivityThread(  176): Pub sms: com.android.providers.telephony.SmsProvider
I/Process (   94): Sending signal. PID: 192 SIG: 3
I/dalvikvm(  192): threadid=3: reacting to signal 3
I/ActivityThread(  176): Pub telephony: com.android.providers.telephony.TelephonyProvider
I/dalvikvm(  192): Wrote stack traces to '/data/anr/traces.txt'
I/ActivityThread(  192): Pub com.android.launcher2.settings: com.android.launcher2.LauncherProvider
W/TelephonyProvider(  176): onCreate: confFile=/system/etc/apns-conf.xml oldCheckSum=-1
I/ActivityThread(  176): Pub icc: com.android.phone.IccProvider
I/ActivityThread(  176): Pub mms-sms: com.android.providers.telephony.MmsSmsProvider
I/Process (   94): Sending signal. PID: 192 SIG: 3
I/dalvikvm(  192): threadid=3: reacting to signal 3
I/dalvikvm(  192): Wrote stack traces to '/data/anr/traces.txt'
E/ActivityThread(  161): Failed to find provider info for com.android.inputmethod.latin.dictionarypack
E/BinaryDictionaryGetter(  161): Could not find a dictionary pack
I/Process (   94): Sending signal. PID: 192 SIG: 3
I/dalvikvm(  192): threadid=3: reacting to signal 3
D/dalvikvm(  176): GC_CONCURRENT freed 239K, 3% free 12759K/13063K, paused 5ms+4ms
D/dalvikvm(  161): GC_CONCURRENT freed 157K, 2% free 12878K/13127K, paused 5ms+5ms
I/StatusBarManagerService(   94): registerStatusBar bar=com.android.internal.statusbar.IStatusBar$Stub$Proxy@419433b8
E/dalvikvm(  192): Unable to open stack trace file '/data/anr/traces.txt': Is a directory
D/PhoneStatusBar(  147): disable: < expand icons alerts ticker system_info BACK* HOME* RECENT* CLOCK* >
D/dalvikvm(  192): GC_CONCURRENT freed 221K, 3% free 12800K/13127K, paused 6ms+4ms
I/ActivityManager(   94): Start proc android.process.acore for content provider com.android.providers.userdictionary/.UserDictionaryProvider: pid=233 uid=10001 gids={3003, 1015}
I/Process (   94): Sending signal. PID: 192 SIG: 3
I/dalvikvm(  192): threadid=3: reacting to signal 3
I/dalvikvm(  192): Wrote stack traces to '/data/anr/traces.txt'
W/ActivityManager(   94): Unable to start service Intent { act=com.android.internal.telephony.IWapPushManager }: not found
D/dalvikvm(  147): GC_CONCURRENT freed 55K, 2% free 14196K/14343K, paused 4ms+117ms
D/StorageNotification(  147): Startup with UMS connection false (media state unmounted)
I/Process (   94): Sending signal. PID: 192 SIG: 3
I/dalvikvm(  192): threadid=3: reacting to signal 3
D/dalvikvm(   94): GC_CONCURRENT freed 244K, 3% free 15683K/16007K, paused 5ms+37ms
I/StorageNotification(  147): UMS connection changed to false (media state unmounted)
I/dalvikvm(  192): Wrote stack traces to '/data/anr/traces.txt'
D/SystemUIService(  147): loading: class com.android.systemui.power.PowerUI
D/SystemUIService(  147): running: com.android.systemui.power.PowerUI@41603ed8
D/        (  176): [ApnContext] set reason as dataEnabled, for type default,current state IDLE
I/ActivityThread(  233): Pub com.android.voicemail: com.android.providers.contacts.VoicemailContentProvider
D/        (  176): [ApnContext] set reason as dataEnabled, for type mms,current state IDLE
D/        (  176): [ApnContext] set reason as dataEnabled, for type supl,current state IDLE
I/Process (   94): Sending signal. PID: 192 SIG: 3
D/        (  176): [ApnContext] set reason as dataEnabled, for type hipri,current state IDLE
I/dalvikvm(  192): threadid=3: reacting to signal 3
D/        (  176): [ApnContext] set reason as dataEnabled, for type fota,current state IDLE
D/        (  176): [ApnContext] set reason as dataEnabled, for type ims,current state IDLE
D/        (  176): [ApnContext] set reason as dataEnabled, for type cbs,current state IDLE
D/dalvikvm(   94): GREF has increased to 301
E/dalvikvm(  192): Unable to open stack trace file '/data/anr/traces.txt': Is a directory
I/Process (   94): Sending signal. PID: 192 SIG: 3
I/dalvikvm(  192): threadid=3: reacting to signal 3
D/CAT     (  176): CatService: Running CAT service. STK app installed:false
D/CAT     (  176): CatService: NEW sInstance
I/dalvikvm(  192): Wrote stack traces to '/data/anr/traces.txt'
D/CallManager(  176): registerPhone(GSM Handler (com.android.internal.telephony.PhoneProxy) {41610228})
I/ActivityThread(  233): Pub com.android.social: com.android.providers.contacts.SocialProvider
I/ActivityThread(  233): Pub applications: com.android.providers.applications.ApplicationsProvider
I/Process (   94): Sending signal. PID: 192 SIG: 3
I/dalvikvm(  192): threadid=3: reacting to signal 3
I/dalvikvm(  192): Wrote stack traces to '/data/anr/traces.txt'
D/WifiService(   94): New client listening to asynchronous messages
W/ActivityManager(   94): Unable to start service Intent { act=com.android.ussd.IExtendedNetworkService }: not found
I/Process (   94): Sending signal. PID: 192 SIG: 3
I/dalvikvm(  192): threadid=3: reacting to signal 3
I/dalvikvm(  192): Wrote stack traces to '/data/anr/traces.txt'
I/Process (   94): Sending signal. PID: 192 SIG: 3
I/dalvikvm(  192): threadid=3: reacting to signal 3
I/dalvikvm(  192): Wrote stack traces to '/data/anr/traces.txt'
D/AlarmManagerService(   94): Kernel timezone updated to 480 minutes west of GMT
D/SystemClock(  176): Setting time of day to sec=1421535354
W/SystemClock(  176): Unable to set rtc to 1421535354: Invalid argument
I/ActivityManager(   94): Start proc com.android.calendar for broadcast com.android.calendar/.widget.CalendarAppWidgetService$CalendarFactory: pid=265 uid=10021 gids={3003}
I/Process (   94): Sending signal. PID: 192 SIG: 3
I/dalvikvm(  192): threadid=3: reacting to signal 3
I/dalvikvm(  192): Wrote stack traces to '/data/anr/traces.txt'
I/Process (   94): Sending signal. PID: 192 SIG: 3
D/dalvikvm(  176): GC_CONCURRENT freed 340K, 4% free 12901K/13319K, paused 4ms+3ms
I/dalvikvm(  192): threadid=3: reacting to signal 3
I/dalvikvm(  192): Wrote stack traces to '/data/anr/traces.txt'
D/dalvikvm(  192): GC_CONCURRENT freed 136K, 2% free 13138K/13383K, paused 4ms+4ms
I/Process (   94): Sending signal. PID: 192 SIG: 3
I/dalvikvm(  192): threadid=3: reacting to signal 3
I/dalvikvm(  192): Wrote stack traces to '/data/anr/traces.txt'
D/dalvikvm(  233): GC_CONCURRENT freed 329K, 4% free 12682K/13127K, paused 7ms+150ms
I/Process (   94): Sending signal. PID: 192 SIG: 3
I/dalvikvm(  192): threadid=3: reacting to signal 3
I/ActivityThread(  233): Pub contacts;com.android.contacts: com.android.providers.contacts.ContactsProvider2
I/dalvikvm(  192): Wrote stack traces to '/data/anr/traces.txt'
D/dalvikvm(  147): GC_FOR_ALLOC freed 111K, 2% free 14267K/14471K, paused 806ms
I/Process (   94): Sending signal. PID: 192 SIG: 3
I/dalvikvm(  192): threadid=3: reacting to signal 3
I/dalvikvm-heap(  147): Grow heap (frag case) to 16.916MB for 3072016-byte allocation
I/dalvikvm(  192): Wrote stack traces to '/data/anr/traces.txt'
I/ActivityThread(  265): Pub com.android.calendar.CalendarRecentSuggestionsProvider: com.android.calendar.CalendarRecentSuggestionsProvider
D/AndroidRuntime(  260): 
D/AndroidRuntime(  260): >>>>>> AndroidRuntime START com.android.internal.os.RuntimeInit <<<<<<
D/AndroidRuntime(  260): CheckJNI is ON
I/Process (   94): Sending signal. PID: 192 SIG: 3
I/dalvikvm(  192): threadid=3: reacting to signal 3
I/dalvikvm(  192): Wrote stack traces to '/data/anr/traces.txt'
D/dalvikvm(  147): GC_CONCURRENT freed 2K, 2% free 17264K/17479K, paused 4ms+39ms
I/Process (   94): Sending signal. PID: 192 SIG: 3
I/dalvikvm(  192): threadid=3: reacting to signal 3
I/dalvikvm(  192): Wrote stack traces to '/data/anr/traces.txt'
D/dalvikvm(  265): GC_CONCURRENT freed 200K, 3% free 12749K/13063K, paused 5ms+4ms
W/ActivityManager(   94): Activity idle timeout for ActivityRecord{41787808 com.android.launcher/com.android.launcher2.Launcher}
D/CAT     (  176): CatService: SIM ready. Reporting STK service running now...
I/ActivityManager(   94): Start proc com.android.deskclock for broadcast com.android.deskclock/.AlarmInitReceiver: pid=283 uid=10034 gids={}
D/PowerManagerService(   94): bootCompleted
V/DevicePolicyManagerService(   94): Sending password expiration notifications for action android.intent.action.BOOT_COMPLETED
D/VoldCmdListener(   31): volume mount /mnt/sdcard
I/Vold    (   31): /dev/block/vold/179:0 being considered for volume sdcard
D/Vold    (   31): Volume sdcard state changing 1 (Idle-Unmounted) -> 3 (Checking)
D/MountService(   94): volume state changed for /mnt/sdcard (unmounted -> checking)
D/MountService(   94): sendStorageIntent Intent { act=android.intent.action.MEDIA_CHECKING dat=file:///mnt/sdcard (has extras) }
V/WiredAccessoryObserver(   94): init()
E/SoundPool(   94): error loading /system/media/audio/ui/Effect_Tick.ogg
W/AudioService(   94): Soundpool could not load file: /system/media/audio/ui/Effect_Tick.ogg
E/SoundPool(   94): error loading /system/media/audio/ui/Effect_Tick.ogg
W/AudioService(   94): Soundpool could not load file: /system/media/audio/ui/Effect_Tick.ogg
E/SoundPool(   94): error loading /system/media/audio/ui/Effect_Tick.ogg
W/AudioService(   94): Soundpool could not load file: /system/media/audio/ui/Effect_Tick.ogg
E/SoundPool(   94): error loading /system/media/audio/ui/Effect_Tick.ogg
W/AudioService(   94): Soundpool could not load file: /system/media/audio/ui/Effect_Tick.ogg
E/SoundPool(   94): error loading /system/media/audio/ui/Effect_Tick.ogg
W/AudioService(   94): Soundpool could not load file: /system/media/audio/ui/Effect_Tick.ogg
E/SoundPool(   94): error loading /system/media/audio/ui/KeypressStandard.ogg
W/AudioService(   94): Soundpool could not load file: /system/media/audio/ui/KeypressStandard.ogg
E/SoundPool(   94): error loading /system/media/audio/ui/KeypressSpacebar.ogg
W/AudioService(   94): Soundpool could not load file: /system/media/audio/ui/KeypressSpacebar.ogg
E/SoundPool(   94): error loading /system/media/audio/ui/KeypressDelete.ogg
W/AudioService(   94): Soundpool could not load file: /system/media/audio/ui/KeypressDelete.ogg
E/SoundPool(   94): error loading /system/media/audio/ui/KeypressReturn.ogg
W/AudioService(   94): Soundpool could not load file: /system/media/audio/ui/KeypressReturn.ogg
W/AudioService(   94): loadSoundEffects(), Error -1 while loading samples
W/WiredAccessoryObserver(   94): This kernel does not have wired headset support
W/WiredAccessoryObserver(   94): This kernel does not have wired headset support
I/ActivityThread(  233): Pub call_log: com.android.providers.contacts.CallLogProvider
W/WiredAccessoryObserver(   94): This kernel does not have wired headset support
I/ActivityThread(  233): Pub user_dictionary: com.android.providers.userdictionary.UserDictionaryProvider
D/dalvikvm(  147): GC_FOR_ALLOC freed <1K, 2% free 17266K/17479K, paused 168ms
D/dalvikvm(   94): GC_CONCURRENT freed 702K, 5% free 15817K/16583K, paused 5ms+38ms
I/ActivityThread(  283): Pub com.android.deskclock: com.android.deskclock.AlarmProvider
I/dalvikvm-heap(  147): Grow heap (frag case) to 24.416MB for 7864336-byte allocation
F/NetworkStats(   94): problem reading network stats
F/NetworkStats(   94): java.lang.IllegalStateException: problem parsing idx 1
F/NetworkStats(   94): 	at com.android.internal.net.NetworkStatsFactory.readNetworkStatsDetail(NetworkStatsFactory.java:300)
F/NetworkStats(   94): 	at com.android.server.NetworkManagementService.getNetworkStatsUidDetail(NetworkManagementService.java:1282)
F/NetworkStats(   94): 	at com.android.server.net.NetworkStatsService.performPollLocked(NetworkStatsService.java:831)
F/NetworkStats(   94): 	at com.android.server.net.NetworkStatsService.updateIfacesLocked(NetworkStatsService.java:743)
F/NetworkStats(   94): 	at com.android.server.net.NetworkStatsService.updateIfaces(NetworkStatsService.java:721)
F/NetworkStats(   94): 	at com.android.server.net.NetworkStatsService.access$000(NetworkStatsService.java:128)
F/NetworkStats(   94): 	at com.android.server.net.NetworkStatsService$8.handleMessage(NetworkStatsService.java:1633)
F/NetworkStats(   94): 	at android.os.Handler.dispatchMessage(Handler.java:95)
F/NetworkStats(   94): 	at android.os.Looper.loop(Looper.java:137)
F/NetworkStats(   94): 	at android.os.HandlerThread.run(HandlerThread.java:60)
F/NetworkStats(   94): Caused by: java.io.FileNotFoundException: /proc/net/xt_qtaguid/stats: open failed: ENOENT (No such file or directory)
F/NetworkStats(   94): 	at libcore.io.IoBridge.open(IoBridge.java:406)
F/NetworkStats(   94): 	at java.io.FileInputStream.<init>(FileInputStream.java:78)
F/NetworkStats(   94): 	at com.android.internal.net.NetworkStatsFactory.readNetworkStatsDetail(NetworkStatsFactory.java:269)
F/NetworkStats(   94): 	... 9 more
F/NetworkStats(   94): Caused by: libcore.io.ErrnoException: open failed: ENOENT (No such file or directory)
F/NetworkStats(   94): 	at libcore.io.Posix.open(Native Method)
F/NetworkStats(   94): 	at libcore.io.BlockGuardOs.open(BlockGuardOs.java:110)
F/NetworkStats(   94): 	at libcore.io.IoBridge.open(IoBridge.java:390)
F/NetworkStats(   94): 	... 11 more
D/dalvikvm(  147): GC_FOR_ALLOC freed 0K, 2% free 24946K/25223K, paused 500ms
D/dalvikvm(  147): GC_CONCURRENT freed <1K, 2% free 24948K/25223K, paused 5ms+7ms
D/MccTable(  176): updateMccMncConfiguration: mcc=310, mnc=260
D/MccTable(  176): locale set to en_us
D/MccTable(  176): WIFI_COUNTRY_CODE set to us
I/WifiService(   94): WifiService trying to set country code to us with persist set to true
I/ActivityManager(   94): Config changed: {1.0 310mcc260mnc en_US layoutdir=0 sw384dp w384dp h567dp nrml port finger qwerty/v/v -nav/h s.4}
W/SurfaceFlinger(   36): createScreenshotSurface failed (Function not implemented)
D/dalvikvm(   94): GC_EXPLICIT freed 406K, 5% free 15865K/16583K, paused 4ms+87ms
I/SearchManagerService(   94): Building list of searchable activities
D/dalvikvm(  176): GC_CONCURRENT freed 342K, 4% free 13022K/13447K, paused 4ms+4ms
V/AlarmClock(  283): AlarmInitReceiver finished
I/ActivityManager(   94): Start proc com.android.contacts for broadcast com.android.contacts/.calllog.CallLogReceiver: pid=321 uid=10001 gids={3003, 1015}
D/gralloc_goldfish(  147): Emulator without GPU emulation detected.
D/dalvikvm(   37): GC_EXPLICIT freed 33K, 3% free 12563K/12867K, paused 3ms+117ms
D/dalvikvm(   37): GC_EXPLICIT freed <1K, 3% free 12563K/12867K, paused 2ms+3ms
I//system/bin/fsck_msdos(   31): ** /dev/block/vold/179:0
D/AndroidRuntime(  260): Calling main entry com.android.commands.pm.Pm
D/dalvikvm(   37): GC_EXPLICIT freed <1K, 3% free 12563K/12867K, paused 3ms+13ms
I/ActivityManager(   94): Start proc com.android.providers.calendar for content provider com.android.providers.calendar/.CalendarProvider2: pid=336 uid=10011 gids={3003, 1015}
I/ActivityManager(   94): Start proc com.android.defcontainer for service com.android.defcontainer/.DefaultContainerService: pid=348 uid=10003 gids={1015, 2001}
I/SurfaceFlinger(   36): Boot is finished (44386 ms)
I/StorageNotification(  147): Media {/mnt/sdcard} state changed from {unmounted} -> {checking}
I/ActivityThread(  336): Pub com.android.calendar: com.android.providers.calendar.CalendarProvider2
D/dalvikvm(  192): GC_CONCURRENT freed 272K, 3% free 13420K/13767K, paused 4ms+6ms
I//system/bin/fsck_msdos(   31): ** Phase 1 - Read and Compare FATs
D/dalvikvm(  176): GC_CONCURRENT freed 433K, 4% free 13095K/13639K, paused 5ms+4ms
I//system/bin/fsck_msdos(   31): Attempting to allocate 794 KB for FAT
D/dalvikvm(  321): GC_CONCURRENT freed 149K, 3% free 12798K/13063K, paused 29ms+4ms
D/dalvikvm(   94): GC_FOR_ALLOC freed 645K, 6% free 15909K/16775K, paused 184ms
D/ConnectivityService(   94): ConnectivityChange for mobile: CONNECTED/CONNECTED
F/NetworkStats(   94): problem reading network stats
F/NetworkStats(   94): java.lang.IllegalStateException: problem parsing idx 1
F/NetworkStats(   94): 	at com.android.internal.net.NetworkStatsFactory.readNetworkStatsDetail(NetworkStatsFactory.java:300)
F/NetworkStats(   94): 	at com.android.server.NetworkManagementService.getNetworkStatsUidDetail(NetworkManagementService.java:1282)
F/NetworkStats(   94): 	at com.android.server.net.NetworkStatsService.performPollLocked(NetworkStatsService.java:831)
F/NetworkStats(   94): 	at com.android.server.net.NetworkStatsService.updateIfacesLocked(NetworkStatsService.java:743)
F/NetworkStats(   94): 	at com.android.server.net.NetworkStatsService.updateIfaces(NetworkStatsService.java:721)
F/NetworkStats(   94): 	at com.android.server.net.NetworkStatsService.access$000(NetworkStatsService.java:128)
F/NetworkStats(   94): 	at com.android.server.net.NetworkStatsService$1.onReceive(NetworkStatsService.java:612)
F/NetworkStats(   94): 	at android.app.LoadedApk$ReceiverDispatcher$Args.run(LoadedApk.java:728)
F/NetworkStats(   94): 	at android.os.Handler.handleCallback(Handler.java:605)
F/NetworkStats(   94): 	at android.os.Handler.dispatchMessage(Handler.java:92)
F/NetworkStats(   94): 	at android.os.Looper.loop(Looper.java:137)
F/NetworkStats(   94): 	at android.os.HandlerThread.run(HandlerThread.java:60)
F/NetworkStats(   94): Caused by: java.io.FileNotFoundException: /proc/net/xt_qtaguid/stats: open failed: ENOENT (No such file or directory)
F/NetworkStats(   94): 	at libcore.io.IoBridge.open(IoBridge.java:406)
F/NetworkStats(   94): 	at java.io.FileInputStream.<init>(FileInputStream.java:78)
F/NetworkStats(   94): 	at com.android.internal.net.NetworkStatsFactory.readNetworkStatsDetail(NetworkStatsFactory.java:269)
F/NetworkStats(   94): 	... 11 more
F/NetworkStats(   94): Caused by: libcore.io.ErrnoException: open failed: ENOENT (No such file or directory)
F/NetworkStats(   94): 	at libcore.io.Posix.open(Native Method)
F/NetworkStats(   94): 	at libcore.io.BlockGuardOs.open(BlockGuardOs.java:110)
F/NetworkStats(   94): 	at libcore.io.IoBridge.open(IoBridge.java:390)
F/NetworkStats(   94): 	... 13 more
I/AccountTypeManager(  321): Loaded meta-data for 1 account types, 0 accounts in 304ms(wall) 23ms(cpu)
V/OtaStartupReceiver(  176): onReceive: intent action=android.intent.action.BOOT_COMPLETED  mOtaspMode=-1
D/OtaStartupReceiver(  176): OTASP not supported, nothing to do.
W/WindowManager(   94): App freeze timeout expired.
W/WindowManager(   94): Force clearing freeze: AppWindowToken{41606168 token=Token{417dac50 ActivityRecord{41787808 com.android.launcher/com.android.launcher2.Launcher}}}
D/Launcher.Model(  192): Reload apps on config change. curr_mcc:310 prevmcc:0
I/RecoverySystem(   94): No recovery log file
D/NetworkPolicy(   94): applying policy NetworkPolicy[NetworkTemplate: matchRule=MOBILE_ALL, subscriberId=310260000000000]: cycleDay=17, warningBytes=2147483648, limitBytes=-1, lastSnooze=-1 to ifaces [eth0]
I/ActivityManager(   94): Start proc android.process.media for content provider com.android.providers.downloads/.DownloadProvider: pid=378 uid=10007 gids={1015, 1023, 1024, 1006, 2001, 3003, 3007}
D/gralloc_goldfish(  192): Emulator without GPU emulation detected.
I/ActivityThread(  378): Pub media: com.android.providers.media.MediaProvider
W/WindowManager(   94): Window freeze timeout expired.
W/WindowManager(   94): Force clearing orientation change: Window{41972330 StatusBarExpanded paused=false}
I/ARMAssembler(   36): generated scanline__00000077:03010104_00008002_00000000 [ 89 ipp] (110 ins) at [0x414c31e8:0x414c33a0] in 4842491 ns
D/dalvikvm(  192): GC_CONCURRENT freed 165K, 3% free 13720K/14023K, paused 4ms+121ms
I/ARMAssembler(   36): generated scanline__00000077:03515104_00008001_00000000 [113 ipp] (134 ins) at [0x414c33a8:0x414c35c0] in 1532450 ns
I/ActivityThread(  378): Pub downloads: com.android.providers.downloads.DownloadProvider
I/ARMAssembler(   36): generated scanline__00000077:03010104_00008004_00000000 [ 84 ipp] (103 ins) at [0x414c35c8:0x414c3764] in 712142 ns
I/ActivityThread(  378): Pub drm: com.android.providers.drm.DrmProvider
I/DownloadManager(  378): in removeSpuriousFiles
I/ARMAssembler(   36): generated scanline__00000077:03010104_00008001_00000000 [ 89 ipp] (110 ins) at [0x414c3768:0x414c3920] in 348966 ns
D/dalvikvm(   94): GREF has increased to 401
I/ActivityManager(   94): Start proc com.android.exchange for broadcast com.android.exchange/.service.ExchangeBroadcastReceiver: pid=393 uid=10017 gids={3003, 1015}
I/ActivityThread(  393): Pub com.android.exchange.directory.provider: com.android.exchange.provider.ExchangeDirectoryProvider
I/ActivityManager(   94): Start proc com.android.email for broadcast com.android.email/.service.EmailBroadcastReceiver: pid=407 uid=10027 gids={3003, 1015}
D/Tethering(   94): MasterInitialState.processMessage what=3
E/DefaultVoicemailNotifier(  321): No voicemails to notify about: clear the notification.
I/ActivityThread(  407): Pub com.android.email.provider;com.android.email.notifier: com.android.email.provider.EmailProvider
D/ExchangeService(  393): !!! EAS ExchangeService, onStartCommand, startingUp = false, running = false
I/ActivityThread(  407): Pub com.android.email.attachmentprovider: com.android.email.provider.AttachmentProvider
I/ActivityManager(   94): Start proc com.android.mms for broadcast com.android.mms/.transaction.MmsSystemEventReceiver: pid=428 uid=10028 gids={3003, 1015}
D/dalvikvm(  192): GC_CONCURRENT freed 382K, 4% free 13805K/14343K, paused 6ms+5ms
D/dalvikvm(   94): GC_EXPLICIT freed 511K, 5% free 15976K/16775K, paused 6ms+50ms
I/ActivityThread(  428): Pub mms_temp_file: com.android.mms.TempFileProvider
I/ActivityThread(  428): Pub com.android.mms.SuggestionsProvider: com.android.mms.SuggestionsProvider
D/dalvikvm(  192): GC_FOR_ALLOC freed 24K, 4% free 13793K/14343K, paused 188ms
I/dalvikvm-heap(  192): Grow heap (frag case) to 14.110MB for 614672-byte allocation
D/CountryDetector(   94): The first listener is added
V/MmsConfig(  428): mnc/mcc: 310260
V/MmsConfig(  428): tag: bool value: enabledMMS - true
V/MmsConfig(  428): tag: int value: maxMessageSize - 307200
V/MmsConfig(  428): tag: int value: maxImageHeight - 480
V/MmsConfig(  428): tag: int value: maxImageWidth - 640
V/MmsConfig(  428): tag: int value: defaultSMSMessagesPerThread - 500
V/MmsConfig(  428): tag: int value: defaultMMSMessagesPerThread - 50
V/MmsConfig(  428): tag: int value: minMessageCountPerThread - 10
V/MmsConfig(  428): tag: int value: maxMessageCountPerThread - 5000
V/MmsConfig(  428): tag: string value: uaProfUrl - http://www.google.com/oha/rdf/ua-profile-kila.xml
V/MmsConfig(  428): tag: int value: recipientLimit - -1
V/MmsConfig(  428): tag: int value: smsToMmsTextThreshold - 4
V/MmsConfig(  428): tag: bool value: enableMultipartSMS - true
V/MmsConfig(  428): tag: bool value: enableSlideDuration - true
V/MmsConfig(  428): tag: int value: maxMessageTextSize - -1
D/dalvikvm(  192): GC_CONCURRENT freed 1K, 4% free 14393K/14983K, paused 5ms+24ms
D/dalvikvm(  192): GC_FOR_ALLOC freed <1K, 4% free 14393K/14983K, paused 75ms
I/dalvikvm-heap(  192): Grow heap (frag case) to 14.696MB for 614672-byte allocation
D/MmsSmsDatabaseHelper(  176): [MmsSmsDb] tableName: threads hasAutoIncrement: CREATE TABLE threads (_id INTEGER PRIMARY KEY AUTOINCREMENT,date INTEGER DEFAULT 0,message_count INTEGER DEFAULT 0,recipient_ids TEXT,snippet TEXT,snippet_cs INTEGER DEFAULT 0,read INTEGER DEFAULT 1,type INTEGER DEFAULT 0,error INTEGER DEFAULT 0,has_attachment INTEGER DEFAULT 0) result: true
D/MmsSmsDatabaseHelper(  176): [MmsSmsDb] tableName: canonical_addresses hasAutoIncrement: CREATE TABLE canonical_addresses (_id INTEGER PRIMARY KEY AUTOINCREMENT,address TEXT) result: true
D/MmsSmsDatabaseHelper(  176): [getWritableDatabase] hasAutoIncrementThreads: true hasAutoIncrementAddresses: true
D/dalvikvm(  192): GC_FOR_ALLOC freed <1K, 5% free 14993K/15623K, paused 312ms
D/dalvikvm(  428): GC_CONCURRENT freed 316K, 3% free 12738K/13127K, paused 4ms+81ms
D/dalvikvm(  192): GC_FOR_ALLOC freed <1K, 5% free 14994K/15623K, paused 170ms
I/dalvikvm-heap(  192): Grow heap (frag case) to 15.283MB for 614672-byte allocation
V/AlarmClock(  283): AlarmInitReceiver finished
D/dalvikvm(  192): GC_FOR_ALLOC freed <1K, 5% free 15594K/16263K, paused 205ms
D/Eas Debug(  393): Logging: 
D/dalvikvm(  407): GC_CONCURRENT freed 227K, 3% free 12780K/13127K, paused 6ms+1252ms
D/ExchangeService(  393): !!! EAS ExchangeService, onStartCommand, startingUp = true, running = false
I//system/bin/fsck_msdos(   31): Attempting to allocate 794 KB for FAT
D/ExchangeService(  393): Received deviceId from Email app: androidc259148960
D/ExchangeService(  393): Reconciling accounts...
D/ExchangeService(  393): !!! EAS ExchangeService, onStartCommand, startingUp = true, running = false
D/GpsLocationProvider(   94): NTP server returned: 1421535375880 (Sat Jan 17 14:56:15 PST 2015) reference: 56989 certainty: 53 system time offset: 2777
D/Eas Debug(  393): Logging: 
I//system/bin/fsck_msdos(   31): ** Phase 2 - Check Cluster Chains
I//system/bin/fsck_msdos(   31): ** Phase 3 - Checking Directories
I//system/bin/fsck_msdos(   31): ** Phase 4 - Checking for Lost Files
I//system/bin/fsck_msdos(   31): 12 files, 100789 free (201579 clusters)
I/Vold    (   31): Filesystem check completed OK
I/Vold    (   31): Device /dev/block/vold/179:0, target /mnt/sdcard mounted @ /mnt/secure/staging
D/Vold    (   31): Volume sdcard state changing 3 (Checking) -> 4 (Mounted)
D/MountService(   94): volume state changed for /mnt/sdcard (checking -> mounted)
I/PackageManager(   94): Updating external media status from unmounted to mounted
D/MountService(   94): sendStorageIntent Intent { act=android.intent.action.MEDIA_MOUNTED dat=file:///mnt/sdcard (has extras) }
I/StorageNotification(  147): Media {/mnt/sdcard} state changed from {checking} -> {mounted}
D/MediaScannerReceiver(  378): action: android.intent.action.MEDIA_MOUNTED path: /mnt/sdcard
D/dalvikvm(  233): GC_CONCURRENT freed 181K, 3% free 12903K/13191K, paused 4ms+10ms
W/ActivityManager(   94): No content provider found for permission revoke: file:///data/local/tmp/edu.washington.gnn2.activityspy
W/ActivityManager(   94): No content provider found for permission revoke: file:///data/local/tmp/edu.washington.gnn2.activityspy
D/VoldCmdListener(   31): asec list
I/PackageManager(   94): No secure containers on sdcard
W/PackageManager(   94): Unknown permission com.google.android.googleapps.permission.GOOGLE_AUTH.mail in package com.android.contacts
W/PackageManager(   94): Unknown permission android.permission.ADD_SYSTEM_SERVICE in package com.android.phone
W/PackageManager(   94): Unknown permission com.android.smspush.WAPPUSH_MANAGER_BIND in package com.android.phone
W/PackageManager(   94): Unknown permission com.google.android.googleapps.permission.GOOGLE_AUTH in package com.android.providers.calendar
W/PackageManager(   94): Unknown permission com.google.android.googleapps.permission.GOOGLE_AUTH.cl in package com.android.providers.calendar
W/PackageManager(   94): Unknown permission com.google.android.googleapps.permission.GOOGLE_AUTH.mail in package com.android.calendar
W/PackageManager(   94): Not granting permission android.permission.SEND_DOWNLOAD_COMPLETED_INTENTS to package com.android.browser (protectionLevel=2 flags=0x9be45)
W/PackageManager(   94): Not granting permission android.permission.BIND_APPWIDGET to package com.android.widgetpreview (protectionLevel=3 flags=0x28be44)
W/PackageManager(   94): Unknown permission com.google.android.googleapps.permission.GOOGLE_AUTH in package com.android.settings
W/PackageManager(   94): Unknown permission com.google.android.googleapps.permission.GOOGLE_AUTH in package com.android.providers.contacts
W/PackageManager(   94): Unknown permission com.google.android.googleapps.permission.GOOGLE_AUTH.cp in package com.android.providers.contacts
W/PackageManager(   94): Unknown permission com.google.android.googleapps.permission.ACCESS_GOOGLE_PASSWORD in package com.android.development
W/PackageManager(   94): Unknown permission com.google.android.googleapps.permission.GOOGLE_AUTH in package com.android.development
W/PackageManager(   94): Unknown permission com.google.android.googleapps.permission.GOOGLE_AUTH.ALL_SERVICES in package com.android.development
W/PackageManager(   94): Unknown permission com.google.android.googleapps.permission.GOOGLE_AUTH.YouTubeUser in package com.android.development
W/PackageManager(   94): Not granting permission android.permission.DEVICE_POWER to package com.android.deskclock (protectionLevel=2 flags=0x8be45)
I/CalendarProvider2(  336): Sending notification intent: Intent { act=android.intent.action.PROVIDER_CHANGED dat=content://com.android.calendar }
W/ContentResolver(  336): Failed to get type for: content://com.android.calendar (Unknown URL content://com.android.calendar)
D/dalvikvm(   94): GC_EXPLICIT freed 657K, 5% free 15938K/16775K, paused 7ms+9ms
D/dalvikvm(  192): GC_CONCURRENT freed 432K, 3% free 16159K/16647K, paused 4ms+6ms
W/MediaScanner(  378): Error opening directory '/mnt/sdcard/.android_secure/', skipping: Permission denied.
V/MediaScanner(  378): pruneDeadThumbnailFiles... android.database.sqlite.SQLiteCursor@4166bbc8
V/MediaScanner(  378): /pruneDeadThumbnailFiles... android.database.sqlite.SQLiteCursor@4166bbc8
D/dalvikvm(   94): GC_CONCURRENT freed 429K, 3% free 16335K/16839K, paused 7ms+7ms
D/dalvikvm(   94): GC_CONCURRENT freed 877K, 6% free 16316K/17287K, paused 7ms+7ms
D/dalvikvm(   94): GC_CONCURRENT freed 872K, 6% free 16314K/17351K, paused 7ms+6ms
D/dalvikvm(   94): GC_CONCURRENT freed 840K, 6% free 16331K/17351K, paused 5ms+7ms
I/PackageManager(   94): Removing non-system package:edu.washington.gnn2.activityspy
I/ActivityManager(   94): Force stopping package edu.washington.gnn2.activityspy uid=10040
I/PackageManager(   94): Package edu.washington.gnn2.activityspy codePath changed from /data/app/edu.washington.gnn2.activityspy-2.apk to /data/app/edu.washington.gnn2.activityspy-1.apk; Retaining data and using new
I/PackageManager(   94): Running dexopt on: edu.washington.gnn2.activityspy
D/dalvikvm(  479): DexOpt: couldn't find field Landroid/app/Notification;.actions
D/dalvikvm(  479): DexOpt: load 335ms, verify+opt 846ms
W/PackageManager(   94): Code path for pkg : edu.washington.gnn2.activityspy changing from /data/app/edu.washington.gnn2.activityspy-2.apk to /data/app/edu.washington.gnn2.activityspy-1.apk
W/PackageManager(   94): Resource path for pkg : edu.washington.gnn2.activityspy changing from /data/app/edu.washington.gnn2.activityspy-2.apk to /data/app/edu.washington.gnn2.activityspy-1.apk
D/PackageManager(   94): New package installed in /data/app/edu.washington.gnn2.activityspy-1.apk
I/ActivityManager(   94): Force stopping package edu.washington.gnn2.activityspy uid=10040
I/ActivityManager(   94): Force stopping package edu.washington.gnn2.activityspy uid=10040
D/dalvikvm(  336): GC_CONCURRENT freed 314K, 4% free 12718K/13127K, paused 6ms+4ms
D/dalvikvm(  192): GC_EXPLICIT freed 774K, 6% free 16257K/17159K, paused 3ms+5ms
I/ActivityManager(   94): Start proc com.android.keychain for broadcast com.android.keychain/.KeyChainBroadcastReceiver: pid=481 uid=1000 gids={1015, 3002, 3001, 3003}
D/PackageManager(   94): generateServicesMap(android.accounts.AccountAuthenticator): 2 services unchanged
D/PackageManager(   94): generateServicesMap(android.content.SyncAdapter): 4 services unchanged
D/BackupManagerService(   94): Received broadcast Intent { act=android.intent.action.PACKAGE_REMOVED dat=package:edu.washington.gnn2.activityspy flg=0x10000010 (has extras) }
D/dalvikvm(  233): GC_EXPLICIT freed 236K, 3% free 12931K/13255K, paused 18ms+6ms
I/AccountTypeManager(  321): Loaded meta-data for 1 account types, 0 accounts in 487ms(wall) 5ms(cpu)
D/PackageManager(   94): generateServicesMap(android.accounts.AccountAuthenticator): 2 services unchanged
D/PackageManager(   94): generateServicesMap(android.content.SyncAdapter): 4 services unchanged
I/ActivityManager(   94): Start proc com.svox.pico for broadcast com.svox.pico/.VoiceDataInstallerReceiver: pid=495 uid=10023 gids={1015}
D/BackupManagerService(   94): Received broadcast Intent { act=android.intent.action.PACKAGE_ADDED dat=package:edu.washington.gnn2.activityspy flg=0x10000010 (has extras) }
V/BackupManagerService(   94): updatePackageParticipantsLocked: #1
I/ActivityThread(  495): Pub com.svox.pico.providers.SettingsProvider: com.svox.pico.providers.SettingsProvider
W/RecognitionManagerService(   94): no available voice recognition services found
D/dalvikvm(   94): GC_CONCURRENT freed 803K, 6% free 16408K/17351K, paused 25ms+13ms
I/AccountTypeManager(  321): Loaded meta-data for 1 account types, 0 accounts in 307ms(wall) 4ms(cpu)
I/ActivityManager(   94): Start proc com.android.quicksearchbox for broadcast com.android.quicksearchbox/.CorporaUpdateReceiver: pid=508 uid=10033 gids={3003}
D/BackupManagerService(   94): Received broadcast Intent { act=android.intent.action.PACKAGE_REPLACED dat=package:edu.washington.gnn2.activityspy flg=0x10000010 (has extras) }
V/BackupManagerService(   94): updatePackageParticipantsLocked: #1
I/ActivityThread(  508): Pub com.android.quicksearchbox.google: com.android.quicksearchbox.google.GoogleSuggestionProvider
I/ActivityThread(  508): Pub com.android.quicksearchbox.shortcuts: com.android.quicksearchbox.ShortcutsProvider
D/dalvikvm(   94): GC_EXPLICIT freed 720K, 9% free 15948K/17351K, paused 4ms+8ms
D/AndroidRuntime(  260): Shutting down VM
D/dalvikvm(  260): GC_CONCURRENT freed 97K, 78% free 450K/2048K, paused 1ms+1ms
D/dalvikvm(  260): Debugger has detached; object registry had 1 entries
I/AndroidRuntime(  260): NOTE: attach of thread 'Binder Thread #3' failed
D/AndroidRuntime(  528): 
D/AndroidRuntime(  528): >>>>>> AndroidRuntime START com.android.internal.os.RuntimeInit <<<<<<
D/AndroidRuntime(  528): CheckJNI is ON
D/AndroidRuntime(  528): Calling main entry com.android.commands.am.Am
I/ActivityManager(   94): START {act=android.intent.action.MAIN cat=[android.intent.category.LAUNCHER] flg=0x10000000 cmp=edu.washington.gnn2.activityspy/.MainActivity} from pid 528
D/PermissionCache(   36): checking android.permission.READ_FRAME_BUFFER for uid=1000 => granted (943 us)
W/WindowManager(   94): Failure taking screenshot for (240x370) to layer 21000
D/AndroidRuntime(  528): Shutting down VM
D/dalvikvm(  528): GC_CONCURRENT freed 102K, 77% free 485K/2048K, paused 1ms+1ms
D/jdwp    (  528): Got wake-up signal, bailing out of select
D/dalvikvm(  528): Debugger has detached; object registry had 1 entries
I/AndroidRuntime(  528): NOTE: attach of thread 'Binder Thread #3' failed
D/dalvikvm(  538): Not late-enabling CheckJNI (already on)
I/ActivityManager(   94): Start proc edu.washington.gnn2.activityspy for activity edu.washington.gnn2.activityspy/.MainActivity: pid=538 uid=10040 gids={}
W/NetworkManagementSocketTagger(   94): setKernelCountSet(10040, 1) failed with errno -2
I/dalvikvm(  538): Could not find method android.view.ViewGroup.onNestedScrollAccepted, referenced from method android.support.v7.internal.widget.ActionBarOverlayLayout.onNestedScrollAccepted
W/dalvikvm(  538): VFY: unable to resolve virtual method 11346: Landroid/view/ViewGroup;.onNestedScrollAccepted (Landroid/view/View;Landroid/view/View;I)V
D/dalvikvm(  538): VFY: replacing opcode 0x6f at 0x0000
I/dalvikvm(  538): Could not find method android.view.ViewGroup.onStopNestedScroll, referenced from method android.support.v7.internal.widget.ActionBarOverlayLayout.onStopNestedScroll
W/dalvikvm(  538): VFY: unable to resolve virtual method 11352: Landroid/view/ViewGroup;.onStopNestedScroll (Landroid/view/View;)V
D/dalvikvm(  538): VFY: replacing opcode 0x6f at 0x0000
I/dalvikvm(  538): Could not find method android.view.ViewGroup.onWindowSystemUiVisibilityChanged, referenced from method android.support.v7.internal.widget.ActionBarOverlayLayout.onWindowSystemUiVisibilityChanged
W/dalvikvm(  538): VFY: unable to resolve virtual method 11354: Landroid/view/ViewGroup;.onWindowSystemUiVisibilityChanged (I)V
D/dalvikvm(  538): VFY: replacing opcode 0x6f at 0x0008
I/dalvikvm(  538): Could not find method android.support.v7.internal.widget.ActionBarOverlayLayout.stopNestedScroll, referenced from method android.support.v7.internal.widget.ActionBarOverlayLayout.setHideOnContentScrollEnabled
W/dalvikvm(  538): VFY: unable to resolve virtual method 9040: Landroid/support/v7/internal/widget/ActionBarOverlayLayout;.stopNestedScroll ()V
D/dalvikvm(  538): VFY: replacing opcode 0x6e at 0x000e
I/dalvikvm(  538): Could not find method android.view.ViewGroup.onRtlPropertiesChanged, referenced from method android.support.v7.widget.Toolbar.onRtlPropertiesChanged
W/dalvikvm(  538): VFY: unable to resolve virtual method 11349: Landroid/view/ViewGroup;.onRtlPropertiesChanged (I)V
D/dalvikvm(  538): VFY: replacing opcode 0x6f at 0x0007
I/dalvikvm(  538): Could not find method android.content.res.TypedArray.getChangingConfigurations, referenced from method android.support.v7.internal.widget.TintTypedArray.getChangingConfigurations
W/dalvikvm(  538): VFY: unable to resolve virtual method 364: Landroid/content/res/TypedArray;.getChangingConfigurations ()I
D/dalvikvm(  538): VFY: replacing opcode 0x6e at 0x0002
I/dalvikvm(  538): Could not find method android.content.res.TypedArray.getType, referenced from method android.support.v7.internal.widget.TintTypedArray.getType
W/dalvikvm(  538): VFY: unable to resolve virtual method 386: Landroid/content/res/TypedArray;.getType (I)I
D/dalvikvm(  538): VFY: replacing opcode 0x6e at 0x0002
I/MainActivity(  538): OnCreate event fired! SavedInstanceState = null
I/Process (   94): Sending signal. PID: 538 SIG: 3
I/dalvikvm(  538): threadid=3: reacting to signal 3
I/dalvikvm(  538): Wrote stack traces to '/data/anr/traces.txt'
D/gralloc_goldfish(  538): Emulator without GPU emulation detected.
D/dalvikvm(  538): GC_CONCURRENT freed 220K, 3% free 12800K/13127K, paused 6ms+4ms
I/ActivityManager(   94): Displayed edu.washington.gnn2.activityspy/.MainActivity: +1s177ms (total +37s922ms)
I/ActivityManager(   94): Displayed com.android.launcher/com.android.launcher2.Launcher: +37s924ms
W/NetworkManagementSocketTagger(   94): setKernelCountSet(10013, 0) failed with errno -2
W/SoundPool(   94):   sample 0 not READY
D/PhoneStatusBar(  147): disable: < expand icons alerts ticker system_info BACK HOME recent* CLOCK >
D/PhoneStatusBar(  147): disable: < expand icons alerts ticker system_info back* home* recent clock* >
I/ARMAssembler(   36): generated scanline__00000077:03515104_00009002_00000000 [127 ipp] (149 ins) at [0x414c3928:0x414c3b7c] in 945839 ns
I/ARMAssembler(   36): generated scanline__00000077:03515104_00009001_00000000 [131 ipp] (153 ins) at [0x414c3b80:0x414c3de4] in 538450 ns
D/dalvikvm(  147): GC_CONCURRENT freed 12548K, 47% free 14387K/27015K, paused 5ms+28ms
W/ThrottleService(   94): unable to find stats for iface rmnet0
I/dalvikvm(   94): Jit: resizing JitTable from 4096 to 8192
W/WindowManager(   94): Failure taking screenshot for (240x370) to layer 21010
W/NetworkManagementSocketTagger(   94): setKernelCountSet(10013, 1) failed with errno -2
W/NetworkManagementSocketTagger(   94): setKernelCountSet(10040, 0) failed with errno -2
I/MainActivity(  538): You or someone else requested finish() on this activity
E/MainActivity(  538): We're going down captain!
D/AndroidRuntime(  538): Shutting down VM
W/dalvikvm(  538): threadid=1: thread exiting with uncaught exception (group=0x409c01f8)
E/AndroidRuntime(  538): FATAL EXCEPTION: main
E/AndroidRuntime(  538): android.app.SuperNotCalledException: Activity {edu.washington.gnn2.activityspy/edu.washington.gnn2.activityspy.MainActivity} did not call through to super.onDestroy()
E/AndroidRuntime(  538): 	at android.app.ActivityThread.performDestroyActivity(ActivityThread.java:3101)
E/AndroidRuntime(  538): 	at android.app.ActivityThread.handleDestroyActivity(ActivityThread.java:3130)
E/AndroidRuntime(  538): 	at android.app.ActivityThread.access$1200(ActivityThread.java:123)
E/AndroidRuntime(  538): 	at android.app.ActivityThread$H.handleMessage(ActivityThread.java:1180)
E/AndroidRuntime(  538): 	at android.os.Handler.dispatchMessage(Handler.java:99)
E/AndroidRuntime(  538): 	at android.os.Looper.loop(Looper.java:137)
E/AndroidRuntime(  538): 	at android.app.ActivityThread.main(ActivityThread.java:4424)
E/AndroidRuntime(  538): 	at java.lang.reflect.Method.invokeNative(Native Method)
E/AndroidRuntime(  538): 	at java.lang.reflect.Method.invoke(Method.java:511)
E/AndroidRuntime(  538): 	at com.android.internal.os.ZygoteInit$MethodAndArgsCaller.run(ZygoteInit.java:784)
E/AndroidRuntime(  538): 	at com.android.internal.os.ZygoteInit.main(ZygoteInit.java:551)
